 runny  pnpm test                                                  3/4 selected  running 1  failed 1
  idle 0 │ queued 1 │ running 1 │ ok 0 │ failed 1 │ cancelled 0 │ workers auto │ mode parallel
 / <none>  focus tasks  mode parallel  workers auto
╭─ Tasks ─────────────────────────────────────────────────╮  ╭─ Preview ───────────────────────────╮
│ SEL  DIR/TASK                           STATUS         │  │ path api                           │
│ › ●  − api                                   running   │  │ status running                     │
│   ●      api/cmd                             queued    │  │ selected yes                       │
│   ○    web                                   skipped   │  │ command pnpm test                  │
│   ●    worker                                failed    │  │                                    │
│                                                        │  │ output                             │
│                                                        │  │ No output yet.                     │
│                                                        │  │                                    │
│                                                        │  │                                    │
│                                                        │  │                                    │
│                                                        │  │                                    │
│                                                        │  │                                    │
│                                                        │  │                                    │
│                                                        │  │                                    │
│                                                        │  │                                    │
╰────────────────────────────────────────────────────────╯  ╰────────────────────────────────────╯
 ? keymap  / search  : command  space select  enter run  del/x cancel  ctrl+c stop
