╔═ Tasks ════════════════════════════════╗
║ DIRECTORY                S     CHANGES ║
║ showing 1-4 of 4 • · P plan / A apply  ║
║ › [●]   production       ✓  P +3 ~2 -1 ║
║   [ ]   staging          ✓  A +0 ~0 -0 ║
║   [ ]   failed           ×             ║
║   [ ]   unknown          ✓           — ║
║                                        ║
║                                        ║
║                                        ║
║                                        ║
║                                        ║
║                                        ║
║                                        ║
║                                        ║
╚════════════════════════════════════════╝
