 runny dashboard
 state failed   active 2   queue 1   ok 0   failed 1   progress ███░░░░░░░░░░░ 1/4 25%
────────────────────────────────────────────────────────────────────────────────────────────────────
 > pnpm test │ focus tasks  visible 4/4  selected 3
────────────────────────────────────────────────────────────────────────────────────────────────────
╭─ Tasks ─────────────────────────────────────────────────╮  ╭─ Preview ───────────────────────────╮
│ SEL RUN FOLD  DIRECTORY                         STATUS │  │ Command to run                     │
│ showing 1-4 of 4 •                                     │  │  --:--:--  pnpm test               │
│   ● ▶ −  ▾ api                            ● running    │  │                                    │
│   ● …    └─ ▸ api/cmd                     ◌ queued     │  │ Output (empty)                     │
│   ○      ▸ web                            ○ skipped    │  │ Running. Output appears here when~ │
│   ● !    ▸ worker                         ✕ failed     │  │ Press L to toggle follow, del/x t~ │
│                                                        │  │                                    │
│                                                        │  │                                    │
│                                                        │  │                                    │
│                                                        │  │                                    │
│                                                        │  │                                    │
│                                                        │  │                                    │
│                                                        │  │                                    │
│                                                        │  │                                    │
│                                                        │  │                                    │
╰────────────────────────────────────────────────────────╯  ╰────────────────────────────────────╯
 ? help  H hist  ctrl+c all+quit  space select  tab preview  c cmd  enter run  del/x cancel
