 runny  mode parallel   workers auto   targets 4
 state failed   active 2   queue 1   ok 0   failed 1   progress ███░░░░░░░░░░░ 1/4 25%
┌ Command ─────────────────────────────────────────────────────────────────────────────────────────┐
│ pnpm test                                                                                        │
└──────────────────────────────────────────────────────────────────────────────────────────────────┘
╔═ Tasks ═════════════════════════════════════════════════╗  ╭─ Preview ───────────────────────────╮
║ RUN FOLD  DIRECTORY                       STATUS       ║  │ Command to run                     │
║ showing 1-4 of 4 •                                     ║  │  --:--:--  pnpm test               │
║   ▶ −  📂 api                             ● running    ║  │                                    │
║   …    └─ 📁 api/cmd                      ◌ queued     ║  │ Output (empty)                     │
║        📁 web                             ○ skipped    ║  │ Running. Output appears here when~ │
║   !    📁 worker                          ✕ failed     ║  │ Press L to toggle follow, del/x t~ │
║                                                        ║  │                                    │
║                                                        ║  │                                    │
║                                                        ║  │                                    │
║                                                        ║  │                                    │
║                                                        ║  │                                    │
║                                                        ║  │                                    │
║                                                        ║  │                                    │
║                                                        ║  │                                    │
║                                                        ║  │                                    │
╚════════════════════════════════════════════════════════╝  ╰────────────────────────────────────╯
 ? Help  H Hist  ctrl+c All+quit  space Select  tab Preview  c Cmd  enter Run  del/x Cancel
