╔═ Tasks ════════════════════════════════════════╗
║ DIRECTORY              STATUS          CHANGES ║
║ showing 1-4 of 4 • · P plan / A apply          ║
║ › [●]   production     ✓ ok         P +3 ~2 -1 ║
║   [ ]   staging        ✓ ok         A +0 ~0 -0 ║
║   [ ]   failed         ✕ failed                ║
║   [ ]   unknown        ✓ ok                  — ║
║                                                ║
║                                                ║
║                                                ║
║                                                ║
║                                                ║
║                                                ║
║                                                ║
║                                                ║
╚════════════════════════════════════════════════╝
